09:00
09:00 1 clientb
09:01 1 clienta
09:02 2 clientb 1
12:00 4 clientb
12:00 11 clienta
12:00
1 30 02:58
2 0 00:00