00:00
00:01 1 client1
00:02 2 client1 1
00:03 4 client1
23:59
1 1 00:01