10:00
09:30 1 client1
09:30 13 NotOpenYet
10:00 1 client2
20:00 11 client2
20:00
1 0 00:00
2 0 00:00